 
cpldfit:  version P.20131013                        Xilinx Inc.
                                  Fitter Report
Design Name: RANDOM_SET                          Date:  1-14-2015,  9:20AM
Device Used: XC2C256-7-PQ208
Fitting Status: Successful

*************************  Mapped Resource Summary  **************************

Macrocells     Product Terms    Function Block   Registers      Pins           
Used/Tot       Used/Tot         Inps Used/Tot    Used/Tot       Used/Tot       
28 /256 ( 11%) 49  /896  (  5%) 41  /640  (  6%) 21 /256 (  8%) 15 /173 (  9%)

** Function Block Resources **

Function Mcells   FB Inps  Pterms   IO       CTC      CTR      CTS      CTE     
Block    Used/Tot Used/Tot Used/Tot Used/Tot Used/Tot Used/Tot Used/Tot Used/Tot
FB1      15/16     20/40    25/56     0/11    1/1*     0/1      0/1      0/1
FB2       0/16      0/40     0/56     0/10    0/1      0/1      0/1      0/1
FB3       0/16      0/40     0/56     0/11    0/1      0/1      0/1      0/1
FB4       0/16      0/40     0/56     0/10    0/1      0/1      0/1      0/1
FB5       0/16      0/40     0/56     0/11    0/1      0/1      0/1      0/1
FB6       0/16      0/40     0/56     0/11    0/1      0/1      0/1      0/1
FB7       0/16      0/40     0/56     0/10    0/1      0/1      0/1      0/1
FB8       0/16      0/40     0/56     0/12    0/1      0/1      0/1      0/1
FB9       0/16      0/40     0/56     0/12    0/1      0/1      0/1      0/1
FB10      0/16      0/40     0/56     0/12    0/1      0/1      0/1      0/1
FB11      0/16      0/40     0/56     0/ 9    0/1      0/1      0/1      0/1
FB12      3/16      4/40     5/56     3/11    1/1*     0/1      0/1      0/1
FB13      0/16      0/40     0/56     0/11    0/1      0/1      0/1      0/1
FB14      0/16      0/40     0/56     0/ 9    0/1      0/1      0/1      0/1
FB15      3/16      3/40     4/56     3/11    1/1*     0/1      0/1      0/1
FB16      7/16     14/40    15/56     7/12    1/1*     0/1      0/1      0/1
         -----    -------  -------   -----    ---      ---      ---      ---
Total    28/256    41/640   49/896   13/173   4/16     0/16     0/16     0/16

CTC - Control Term Clock
CTR - Control Term Reset
CTS - Control Term Set
CTE - Control Term Output Enable

* - Resource is exhausted

** Global Control Resources **

GCK         GSR         GTS         DGE         
Used/Tot    Used/Tot    Used/Tot    Used/Tot    
0/3         0/1         0/4         0/1


** Pin Resources **

Signal Type    Required     Mapped  |  Pin Type            Used    Total 
------------------------------------|------------------------------------
Input         :    2           2    |  I/O              :    15    163
Output        :   13          13    |  GCK/IO           :     0      3
Bidirectional :    0           0    |  GTS/IO           :     0      4
GCK           :    0           0    |  GSR/IO           :     0      1
GTS           :    0           0    |  CDR/IO           :     0      1
GSR           :    0           0    |  DGE/IO           :     0      1
                 ----        ----
        Total     15          15

End of Mapped Resource Summary
**************************  Errors and Warnings  ***************************

WARNING:Cpld - Unable to retrieve the path to the iSE Project Repository. Will
   use the default filename of 'RANDOM_SET.ise'.
*************************  Summary of Mapped Logic  ************************

** 13 Outputs **

Signal              Total Total Bank Loc     Pin   Pin       Pin     I/O      I/O       Slew Reg     Reg Init
Name                Pts   Inps               No.   Type      Use     STD      Style     Rate Use     State
RAND<5>             2     2     2    FB12_13 136   I/O       O       LVCMOS33           FAST         
RAND<4>             2     2     2    FB12_14 135   I/O       O       LVCMOS33           FAST DFF     RESET
RAND<3>             1     1     2    FB12_15 134   I/O       O       LVCMOS33           FAST         
RAND<0>             1     1     1    FB15_13 127   I/O       O       LVCMOS33           FAST         
RAND<1>             2     2     1    FB15_14 128   I/O       O       LVCMOS33           FAST DFF     RESET
RAND<2>             1     1     1    FB15_16 131   I/O       O       LVCMOS33           FAST         
MAX<6>              3     8     1    FB16_4  87    I/O       O       LVCMOS33           FAST DEFF    RESET
MAX<5>              3     8     1    FB16_5  86    I/O       O       LVCMOS33           FAST DEFF    RESET
MAX<4>              3     8     1    FB16_6  85    I/O       O       LVCMOS33           FAST DEFF    RESET
MAX<3>              3     8     1    FB16_11 84    I/O       O       LVCMOS33           FAST DEFF    RESET
MAX<2>              3     8     1    FB16_12 83    I/O       O       LVCMOS33           FAST DEFF    RESET
MAX<1>              3     8     1    FB16_13 82    I/O       O       LVCMOS33           FAST DEFF    RESET
MAX<0>              3     8     1    FB16_14 80    I/O       O       LVCMOS33           FAST DEFF    RESET

** 15 Buried Nodes **

Signal              Total Total Loc     Reg     Reg Init
Name                Pts   Inps          Use     State
N_PZ_113            2     2     FB1_2           
N_PZ_112            2     2     FB1_3           
N_PZ_111            2     2     FB1_4           
RND0/Q<5>           2     2     FB1_5   TFF     RESET
RND0/Q<4>           2     2     FB1_6   DFF     RESET
CNT_INT<2>          3     5     FB1_7   TFF     RESET
CNT_INT<3>          3     6     FB1_8   TFF     RESET
CNT_INT<4>          3     7     FB1_9   TFF     RESET
CNT_INT<5>          3     8     FB1_10  TFF     RESET
CNT_INT<6>          3     9     FB1_11  TFF     RESET
RND0/Q<2>           2     2     FB1_12  DFF     RESET
RST_INT             2     7     FB1_13  DFF     RESET
RND0/Q<1>           2     2     FB1_14  DFF     RESET
CNT_INT<0>          2     3     FB1_15  DFF     RESET
CNT_INT<1>          3     4     FB1_16  DFF     RESET

** 2 Inputs **

Signal              Bank Loc     Pin   Pin       Pin     I/O      I/O
Name                             No.   Type      Use     STD      Style
INIT                1    FB8_2   65    I/O       I       LVCMOS33 KPR
CLK                 1    FB8_3   66    I/O       I       LVCMOS33 KPR

Legend:
Pin No.   - ~     - User Assigned
I/O Style - OD    - OpenDrain
          - PU    - Pullup
          - KPR   - Keeper
          - S     - SchmittTrigger
          - DG    - DataGate
Reg Use   - LATCH - Transparent latch
          - DFF   - D-flip-flop
          - DEFF  - D-flip-flop with clock enable
          - TFF   - T-flip-flop
          - TDFF  - Dual-edge-triggered T-flip-flop
          - DDFF  - Dual-edge-triggered flip-flop
          - DDEFF - Dual-edge-triggered flip-flop with clock enable
          /S (after any above flop/latch type) indicates initial state is Set
**************************  Function Block Details  ************************
Legend:
Total Pt     - Total product terms used by the macrocell signal
Loc          - Location where logic was mapped in device
Pin Type/Use - I  - Input             GCK - Global clock
               O  - Output            GTS - Global Output Enable
              (b) - Buried macrocell  GSR - Global Set/Reset
              VRF - Vref
Pin No.      - ~  - User Assigned
*********************************** FB1  ***********************************
This function block is part of I/O Bank number:               2
Number of function block inputs used/remaining:               20/20
Number of function block control terms used/remaining:        1/3
Number of PLA product terms used/remaining:                   25/31
Signal                        Total Loc     Pin  Pin     Pin   CTC CTR CTS CTE
Name                          Pt            No.  Type    Use   
(unused)                      0     FB1_1   2    I/O           
N_PZ_113                      2     FB1_2   208  I/O     (b)               
N_PZ_112                      2     FB1_3   206  GSR/I/O (b)               
N_PZ_111                      2     FB1_4   205  I/O     (b)               
RND0/Q<5>                     2     FB1_5   203  I/O     (b)    +          
RND0/Q<4>                     2     FB1_6   202  I/O     (b)    +          
CNT_INT<2>                    3     FB1_7        (b)     (b)    +          
CNT_INT<3>                    3     FB1_8        (b)     (b)    +          
CNT_INT<4>                    3     FB1_9        (b)     (b)    +          
CNT_INT<5>                    3     FB1_10       (b)     (b)    +          
CNT_INT<6>                    3     FB1_11       (b)     (b)    +          
RND0/Q<2>                     2     FB1_12  201  I/O     (b)    +          
RST_INT                       2     FB1_13  200  I/O     (b)    +          
RND0/Q<1>                     2     FB1_14  199  I/O     (b)    +          
CNT_INT<0>                    2     FB1_15  198  I/O     (b)    +          
CNT_INT<1>                    3     FB1_16  197  I/O     (b)    +          

Signals Used by Logic in Function Block
  1: CLK                8: CNT_INT<6>        15: RAND<5> 
  2: CNT_INT<0>         9: INIT              16: RND0/Q<1> 
  3: CNT_INT<1>        10: N_PZ_111          17: RND0/Q<2> 
  4: CNT_INT<2>        11: N_PZ_112          18: RND0/Q<4> 
  5: CNT_INT<3>        12: N_PZ_113          19: RND0/Q<5> 
  6: CNT_INT<4>        13: RAND<1>           20: RST_INT 
  7: CNT_INT<5>        14: RAND<4>          

Signal                     1         2         3         4 FB      
Name             0----+----0----+----0----+----0----+----0 Inputs  
N_PZ_113          ................X.X..................... 2       
N_PZ_112          ...............X..X..................... 2       
N_PZ_111          ........X.........X..................... 2       
RND0/Q<5>         X................X...................... 2       
RND0/Q<4>         X............X.......................... 2       
CNT_INT<2>        XXXX...............X.................... 5       
CNT_INT<3>        XXXXX..............X.................... 6       
CNT_INT<4>        XXXXXX.............X.................... 7       
CNT_INT<5>        XXXXXXX............X.................... 8       
CNT_INT<6>        XXXXXXXX...........X.................... 9       
RND0/Q<2>         X.........X............................. 2       
RST_INT           X........XXXXXX......................... 7       
RND0/Q<1>         X...........X........................... 2       
CNT_INT<0>        XX.................X.................... 3       
CNT_INT<1>        XXX................X.................... 4       
                 0----+----1----+----2----+----3----+----4
                           0         0         0         0
*********************************** FB2  ***********************************
This function block is part of I/O Bank number:               2
Number of function block inputs used/remaining:               0/40
Number of function block control terms used/remaining:        0/4
Number of PLA product terms used/remaining:                   0/56
Signal                        Total Loc     Pin  Pin     Pin   CTC CTR CTS CTE
Name                          Pt            No.  Type    Use   
(unused)                      0     FB2_1   3    GTS/I/O       
(unused)                      0     FB2_2   4    I/O           
(unused)                      0     FB2_3   5    GTS/I/O       
(unused)                      0     FB2_4   6    I/O           
(unused)                      0     FB2_5   7    GTS/I/O       
(unused)                      0     FB2_6   8    I/O           
(unused)                      0     FB2_7        (b)           
(unused)                      0     FB2_8        (b)           
(unused)                      0     FB2_9        (b)           
(unused)                      0     FB2_10       (b)           
(unused)                      0     FB2_11       (b)           
(unused)                      0     FB2_12  9    GTS/I/O       
(unused)                      0     FB2_13  10   I/O           
(unused)                      0     FB2_14  12   I/O           
(unused)                      0     FB2_15  14   I/O           
(unused)                      0     FB2_16       (b)           
*********************************** FB3  ***********************************
This function block is part of I/O Bank number:               2
Number of function block inputs used/remaining:               0/40
Number of function block control terms used/remaining:        0/4
Number of PLA product terms used/remaining:                   0/56
Signal                        Total Loc     Pin  Pin     Pin   CTC CTR CTS CTE
Name                          Pt            No.  Type    Use   
(unused)                      0     FB3_1   196  I/O           
(unused)                      0     FB3_2   195  I/O           
(unused)                      0     FB3_3   194  I/O           
(unused)                      0     FB3_4   193  I/O           
(unused)                      0     FB3_5   192  I/O           
(unused)                      0     FB3_6   191  I/O           
(unused)                      0     FB3_7        (b)           
(unused)                      0     FB3_8        (b)           
(unused)                      0     FB3_9        (b)           
(unused)                      0     FB3_10       (b)           
(unused)                      0     FB3_11       (b)           
(unused)                      0     FB3_12  189  I/O           
(unused)                      0     FB3_13  188  I/O           
(unused)                      0     FB3_14  187  I/O           
(unused)                      0     FB3_15  186  I/O           
(unused)                      0     FB3_16  185  I/O           
*********************************** FB4  ***********************************
This function block is part of I/O Bank number:               2
Number of function block inputs used/remaining:               0/40
Number of function block control terms used/remaining:        0/4
Number of PLA product terms used/remaining:                   0/56
Signal                        Total Loc     Pin  Pin     Pin   CTC CTR CTS CTE
Name                          Pt            No.  Type    Use   
(unused)                      0     FB4_1   15   I/O           
(unused)                      0     FB4_2   16   I/O           
(unused)                      0     FB4_3   17   I/O           
(unused)                      0     FB4_4   18   I/O           
(unused)                      0     FB4_5   19   I/O           
(unused)                      0     FB4_6   20   I/O           
(unused)                      0     FB4_7        (b)           
(unused)                      0     FB4_8        (b)           
(unused)                      0     FB4_9        (b)           
(unused)                      0     FB4_10       (b)           
(unused)                      0     FB4_11       (b)           
(unused)                      0     FB4_12  21   I/O           
(unused)                      0     FB4_13  22   I/O           
(unused)                      0     FB4_14  23   I/O           
(unused)                      0     FB4_15       (b)           
(unused)                      0     FB4_16  25   I/O           
*********************************** FB5  ***********************************
This function block is part of I/O Bank number:               1
Number of function block inputs used/remaining:               0/40
Number of function block control terms used/remaining:        0/4
Number of PLA product terms used/remaining:                   0/56
Signal                        Total Loc     Pin  Pin     Pin   CTC CTR CTS CTE
Name                          Pt            No.  Type    Use   
(unused)                      0     FB5_1   49   I/O           
(unused)                      0     FB5_2   48   I/O           
(unused)                      0     FB5_3   47   I/O           
(unused)                      0     FB5_4   46   GCK/I/O       
(unused)                      0     FB5_5   45   I/O           
(unused)                      0     FB5_6   44   GCK/I/O       
(unused)                      0     FB5_7        (b)           
(unused)                      0     FB5_8        (b)           
(unused)                      0     FB5_9        (b)           
(unused)                      0     FB5_10       (b)           
(unused)                      0     FB5_11       (b)           
(unused)                      0     FB5_12  43   I/O           
(unused)                      0     FB5_13  41   I/O           
(unused)                      0     FB5_14  40   I/O           
(unused)                      0     FB5_15  39   I/O           
(unused)                      0     FB5_16  38   I/O           
*********************************** FB6  ***********************************
This function block is part of I/O Bank number:               1
Number of function block inputs used/remaining:               0/40
Number of function block control terms used/remaining:        0/4
Number of PLA product terms used/remaining:                   0/56
Signal                        Total Loc     Pin  Pin     Pin   CTC CTR CTS CTE
Name                          Pt            No.  Type    Use   
(unused)                      0     FB6_1   50   I/O           
(unused)                      0     FB6_2   51   CDR/I/O       
(unused)                      0     FB6_3   54   I/O           
(unused)                      0     FB6_4   55   GCK/I/O       
(unused)                      0     FB6_5   56   I/O           
(unused)                      0     FB6_6   57   I/O           
(unused)                      0     FB6_7        (b)           
(unused)                      0     FB6_8        (b)           
(unused)                      0     FB6_9        (b)           
(unused)                      0     FB6_10       (b)           
(unused)                      0     FB6_11       (b)           
(unused)                      0     FB6_12  58   DGE/I/O       
(unused)                      0     FB6_13  60   I/O           
(unused)                      0     FB6_14  61   I/O           
(unused)                      0     FB6_15  62   I/O           
(unused)                      0     FB6_16  63   I/O           
*********************************** FB7  ***********************************
This function block is part of I/O Bank number:               1
Number of function block inputs used/remaining:               0/40
Number of function block control terms used/remaining:        0/4
Number of PLA product terms used/remaining:                   0/56
Signal                        Total Loc     Pin  Pin     Pin   CTC CTR CTS CTE
Name                          Pt            No.  Type    Use   
(unused)                      0     FB7_1   37   I/O           
(unused)                      0     FB7_2   36   I/O           
(unused)                      0     FB7_3   35   I/O           
(unused)                      0     FB7_4   34   I/O           
(unused)                      0     FB7_5   32   I/O           
(unused)                      0     FB7_6   31   I/O           
(unused)                      0     FB7_7        (b)           
(unused)                      0     FB7_8        (b)           
(unused)                      0     FB7_9        (b)           
(unused)                      0     FB7_10       (b)           
(unused)                      0     FB7_11  30   I/O           
(unused)                      0     FB7_12  29   I/O           
(unused)                      0     FB7_13  28   I/O           
(unused)                      0     FB7_14  27   I/O           
(unused)                      0     FB7_15       (b)           
(unused)                      0     FB7_16       (b)           
*********************************** FB8  ***********************************
This function block is part of I/O Bank number:               1
Number of function block inputs used/remaining:               0/40
Number of function block control terms used/remaining:        0/4
Number of PLA product terms used/remaining:                   0/56
Signal                        Total Loc     Pin  Pin     Pin   CTC CTR CTS CTE
Name                          Pt            No.  Type    Use   
(unused)                      0     FB8_1   64   I/O           
(unused)                      0     FB8_2   65   I/O     I     
(unused)                      0     FB8_3   66   I/O     I     
(unused)                      0     FB8_4   67   I/O           
(unused)                      0     FB8_5   69   I/O           
(unused)                      0     FB8_6   70   I/O           
(unused)                      0     FB8_7        (b)           
(unused)                      0     FB8_8        (b)           
(unused)                      0     FB8_9        (b)           
(unused)                      0     FB8_10       (b)           
(unused)                      0     FB8_11  71   I/O           
(unused)                      0     FB8_12  72   I/O           
(unused)                      0     FB8_13  73   I/O           
(unused)                      0     FB8_14  74   I/O           
(unused)                      0     FB8_15  75   I/O           
(unused)                      0     FB8_16  76   I/O           
*********************************** FB9  ***********************************
This function block is part of I/O Bank number:               2
Number of function block inputs used/remaining:               0/40
Number of function block control terms used/remaining:        0/4
Number of PLA product terms used/remaining:                   0/56
Signal                        Total Loc     Pin  Pin     Pin   CTC CTR CTS CTE
Name                          Pt            No.  Type    Use   
(unused)                      0     FB9_1   160  I/O           
(unused)                      0     FB9_2   161  I/O           
(unused)                      0     FB9_3   162  I/O           
(unused)                      0     FB9_4   163  I/O           
(unused)                      0     FB9_5   164  I/O           
(unused)                      0     FB9_6   165  I/O           
(unused)                      0     FB9_7        (b)           
(unused)                      0     FB9_8        (b)           
(unused)                      0     FB9_9        (b)           
(unused)                      0     FB9_10       (b)           
(unused)                      0     FB9_11  166  I/O           
(unused)                      0     FB9_12  167  I/O           
(unused)                      0     FB9_13  168  I/O           
(unused)                      0     FB9_14  169  I/O           
(unused)                      0     FB9_15  170  I/O           
(unused)                      0     FB9_16  171  I/O           
*********************************** FB10 ***********************************
This function block is part of I/O Bank number:               2
Number of function block inputs used/remaining:               0/40
Number of function block control terms used/remaining:        0/4
Number of PLA product terms used/remaining:                   0/56
Signal                        Total Loc     Pin  Pin     Pin   CTC CTR CTS CTE
Name                          Pt            No.  Type    Use   
(unused)                      0     FB10_1  159  I/O           
(unused)                      0     FB10_2  158  I/O           
(unused)                      0     FB10_3  155  I/O           
(unused)                      0     FB10_4  154  I/O           
(unused)                      0     FB10_5  153  I/O           
(unused)                      0     FB10_6  152  I/O           
(unused)                      0     FB10_7       (b)           
(unused)                      0     FB10_8       (b)           
(unused)                      0     FB10_9       (b)           
(unused)                      0     FB10_10      (b)           
(unused)                      0     FB10_11 151  I/O           
(unused)                      0     FB10_12 150  I/O           
(unused)                      0     FB10_13 149  I/O           
(unused)                      0     FB10_14 148  I/O           
(unused)                      0     FB10_15 147  I/O           
(unused)                      0     FB10_16 146  I/O           
*********************************** FB11 ***********************************
This function block is part of I/O Bank number:               2
Number of function block inputs used/remaining:               0/40
Number of function block control terms used/remaining:        0/4
Number of PLA product terms used/remaining:                   0/56
Signal                        Total Loc     Pin  Pin     Pin   CTC CTR CTS CTE
Name                          Pt            No.  Type    Use   
(unused)                      0     FB11_1       (b)           
(unused)                      0     FB11_2  173  I/O           
(unused)                      0     FB11_3  174  I/O           
(unused)                      0     FB11_4  175  I/O           
(unused)                      0     FB11_5       (b)           
(unused)                      0     FB11_6       (b)           
(unused)                      0     FB11_7       (b)           
(unused)                      0     FB11_8       (b)           
(unused)                      0     FB11_9       (b)           
(unused)                      0     FB11_10      (b)           
(unused)                      0     FB11_11 178  I/O           
(unused)                      0     FB11_12 179  I/O           
(unused)                      0     FB11_13 180  I/O           
(unused)                      0     FB11_14 182  I/O           
(unused)                      0     FB11_15 183  I/O           
(unused)                      0     FB11_16 184  I/O           
*********************************** FB12 ***********************************
This function block is part of I/O Bank number:               2
Number of function block inputs used/remaining:               4/36
Number of function block control terms used/remaining:        1/3
Number of PLA product terms used/remaining:                   5/51
Signal                        Total Loc     Pin  Pin     Pin   CTC CTR CTS CTE
Name                          Pt            No.  Type    Use   
(unused)                      0     FB12_1  145  I/O           
(unused)                      0     FB12_2  144  I/O           
(unused)                      0     FB12_3  143  I/O           
(unused)                      0     FB12_4  142  I/O           
(unused)                      0     FB12_5  140  I/O           
(unused)                      0     FB12_6  139  I/O           
(unused)                      0     FB12_7       (b)           
(unused)                      0     FB12_8       (b)           
(unused)                      0     FB12_9       (b)           
(unused)                      0     FB12_10      (b)           
(unused)                      0     FB12_11 138  I/O           
(unused)                      0     FB12_12 137  I/O           
RAND<5>                       2     FB12_13 136  I/O     O                 
RAND<4>                       2     FB12_14 135  I/O     O      +          
RAND<3>                       1     FB12_15 134  I/O     O                 
(unused)                      0     FB12_16      (b)           

Signals Used by Logic in Function Block
  1: CLK                3: RND0/Q<4>          4: RND0/Q<5> 
  2: N_PZ_113         

Signal                     1         2         3         4 FB      
Name             0----+----0----+----0----+----0----+----0 Inputs  
RAND<5>           ..XX.................................... 2       
RAND<4>           XX...................................... 2       
RAND<3>           .X...................................... 1       
                 0----+----1----+----2----+----3----+----4
                           0         0         0         0
*********************************** FB13 ***********************************
This function block is part of I/O Bank number:               1
Number of function block inputs used/remaining:               0/40
Number of function block control terms used/remaining:        0/4
Number of PLA product terms used/remaining:                   0/56
Signal                        Total Loc     Pin  Pin     Pin   CTC CTR CTS CTE
Name                          Pt            No.  Type    Use   
(unused)                      0     FB13_1  107  I/O           
(unused)                      0     FB13_2  108  I/O           
(unused)                      0     FB13_3  109  I/O           
(unused)                      0     FB13_4  110  I/O           
(unused)                      0     FB13_5  111  I/O           
(unused)                      0     FB13_6  112  I/O           
(unused)                      0     FB13_7       (b)           
(unused)                      0     FB13_8       (b)           
(unused)                      0     FB13_9       (b)           
(unused)                      0     FB13_10      (b)           
(unused)                      0     FB13_11      (b)           
(unused)                      0     FB13_12 113  I/O           
(unused)                      0     FB13_13 114  I/O           
(unused)                      0     FB13_14 115  I/O           
(unused)                      0     FB13_15 116  I/O           
(unused)                      0     FB13_16 117  I/O           
*********************************** FB14 ***********************************
This function block is part of I/O Bank number:               1
Number of function block inputs used/remaining:               0/40
Number of function block control terms used/remaining:        0/4
Number of PLA product terms used/remaining:                   0/56
Signal                        Total Loc     Pin  Pin     Pin   CTC CTR CTS CTE
Name                          Pt            No.  Type    Use   
(unused)                      0     FB14_1  106  I/O           
(unused)                      0     FB14_2  103  I/O           
(unused)                      0     FB14_3  102  I/O           
(unused)                      0     FB14_4  101  I/O           
(unused)                      0     FB14_5  100  I/O           
(unused)                      0     FB14_6       (b)           
(unused)                      0     FB14_7       (b)           
(unused)                      0     FB14_8       (b)           
(unused)                      0     FB14_9       (b)           
(unused)                      0     FB14_10      (b)           
(unused)                      0     FB14_11      (b)           
(unused)                      0     FB14_12 99   I/O           
(unused)                      0     FB14_13 97   I/O           
(unused)                      0     FB14_14 95   I/O           
(unused)                      0     FB14_15      (b)           
(unused)                      0     FB14_16 91   I/O           
*********************************** FB15 ***********************************
This function block is part of I/O Bank number:               1
Number of function block inputs used/remaining:               3/37
Number of function block control terms used/remaining:        1/3
Number of PLA product terms used/remaining:                   4/52
Signal                        Total Loc     Pin  Pin     Pin   CTC CTR CTS CTE
Name                          Pt            No.  Type    Use   
(unused)                      0     FB15_1  118  I/O           
(unused)                      0     FB15_2  119  I/O           
(unused)                      0     FB15_3  120  I/O           
(unused)                      0     FB15_4  121  I/O           
(unused)                      0     FB15_5  122  I/O           
(unused)                      0     FB15_6  123  I/O           
(unused)                      0     FB15_7       (b)           
(unused)                      0     FB15_8       (b)           
(unused)                      0     FB15_9       (b)           
(unused)                      0     FB15_10      (b)           
(unused)                      0     FB15_11 125  I/O           
(unused)                      0     FB15_12 126  I/O           
RAND<0>                       1     FB15_13 127  I/O     O                 
RAND<1>                       2     FB15_14 128  I/O     O      +          
(unused)                      0     FB15_15      (b)           
RAND<2>                       1     FB15_16 131  I/O     O                 

Signals Used by Logic in Function Block
  1: CLK                2: N_PZ_111           3: N_PZ_112 

Signal                     1         2         3         4 FB      
Name             0----+----0----+----0----+----0----+----0 Inputs  
RAND<0>           .X...................................... 1       
RAND<1>           XX...................................... 2       
RAND<2>           ..X..................................... 1       
                 0----+----1----+----2----+----3----+----4
                           0         0         0         0
*********************************** FB16 ***********************************
This function block is part of I/O Bank number:               1
Number of function block inputs used/remaining:               14/26
Number of function block control terms used/remaining:        1/3
Number of PLA product terms used/remaining:                   15/41
Signal                        Total Loc     Pin  Pin     Pin   CTC CTR CTS CTE
Name                          Pt            No.  Type    Use   
(unused)                      0     FB16_1  90   I/O           
(unused)                      0     FB16_2  89   I/O           
(unused)                      0     FB16_3  88   I/O           
MAX<6>                        3     FB16_4  87   I/O     O      +          
MAX<5>                        3     FB16_5  86   I/O     O      +          
MAX<4>                        3     FB16_6  85   I/O     O      +          
(unused)                      0     FB16_7       (b)           
(unused)                      0     FB16_8       (b)           
(unused)                      0     FB16_9       (b)           
(unused)                      0     FB16_10      (b)           
MAX<3>                        3     FB16_11 84   I/O     O      +          
MAX<2>                        3     FB16_12 83   I/O     O      +          
MAX<1>                        3     FB16_13 82   I/O     O      +          
MAX<0>                        3     FB16_14 80   I/O     O      +          
(unused)                      0     FB16_15 78   I/O           
(unused)                      0     FB16_16 77   I/O           

Signals Used by Logic in Function Block
  1: CLK                6: CNT_INT<4>        11: N_PZ_113 
  2: CNT_INT<0>         7: CNT_INT<5>        12: RAND<1> 
  3: CNT_INT<1>         8: CNT_INT<6>        13: RAND<4> 
  4: CNT_INT<2>         9: N_PZ_111          14: RAND<5> 
  5: CNT_INT<3>        10: N_PZ_112         

Signal                     1         2         3         4 FB      
Name             0----+----0----+----0----+----0----+----0 Inputs  
MAX<6>            X......XXXXXXX.......................... 8       
MAX<5>            X.....X.XXXXXX.......................... 8       
MAX<4>            X....X..XXXXXX.......................... 8       
MAX<3>            X...X...XXXXXX.......................... 8       
MAX<2>            X..X....XXXXXX.......................... 8       
MAX<1>            X.X.....XXXXXX.......................... 8       
MAX<0>            XX......XXXXXX.......................... 8       
                 0----+----1----+----2----+----3----+----4
                           0         0         0         0
*******************************  Equations  ********************************

********** Mapped Logic **********

FDCPE_CNT_INT0: FDCPE port map (CNT_INT(0),CNT_INT_D(0),CLK,'0','0','1');
CNT_INT_D(0) <= NOT ((CNT_INT(0) AND NOT RST_INT));

FDCPE_CNT_INT1: FDCPE port map (CNT_INT(1),CNT_INT_D(1),CLK,'0','0','1');
CNT_INT_D(1) <= ((CNT_INT(0) AND NOT RST_INT AND NOT CNT_INT(1))
	OR (NOT CNT_INT(0) AND NOT RST_INT AND CNT_INT(1)));

FTCPE_CNT_INT2: FTCPE port map (CNT_INT(2),CNT_INT_T(2),CLK,'0','0','1');
CNT_INT_T(2) <= ((RST_INT AND CNT_INT(2))
	OR (CNT_INT(0) AND NOT RST_INT AND CNT_INT(1)));

FTCPE_CNT_INT3: FTCPE port map (CNT_INT(3),CNT_INT_T(3),CLK,'0','0','1');
CNT_INT_T(3) <= ((RST_INT AND CNT_INT(3))
	OR (CNT_INT(0) AND NOT RST_INT AND CNT_INT(1) AND CNT_INT(2)));

FTCPE_CNT_INT4: FTCPE port map (CNT_INT(4),CNT_INT_T(4),CLK,'0','0','1');
CNT_INT_T(4) <= ((RST_INT AND CNT_INT(4))
	OR (CNT_INT(0) AND NOT RST_INT AND CNT_INT(1) AND CNT_INT(2) AND 
	CNT_INT(3)));

FTCPE_CNT_INT5: FTCPE port map (CNT_INT(5),CNT_INT_T(5),CLK,'0','0','1');
CNT_INT_T(5) <= ((RST_INT AND CNT_INT(5))
	OR (CNT_INT(0) AND NOT RST_INT AND CNT_INT(1) AND CNT_INT(2) AND 
	CNT_INT(3) AND CNT_INT(4)));

FTCPE_CNT_INT6: FTCPE port map (CNT_INT(6),CNT_INT_T(6),CLK,'0','0','1');
CNT_INT_T(6) <= ((RST_INT AND CNT_INT(6))
	OR (CNT_INT(0) AND NOT RST_INT AND CNT_INT(1) AND CNT_INT(2) AND 
	CNT_INT(3) AND CNT_INT(4) AND CNT_INT(5)));

FDCPE_MAX0: FDCPE port map (MAX(0),CNT_INT(0),CLK,'0','0',MAX_CE(0));
MAX_CE(0) <= (NOT N_PZ_111 AND N_PZ_113 AND NOT N_PZ_112 AND NOT RAND(1) AND 
	NOT RAND(4) AND NOT RAND(5));

FDCPE_MAX1: FDCPE port map (MAX(1),CNT_INT(1),CLK,'0','0',MAX_CE(1));
MAX_CE(1) <= (NOT N_PZ_111 AND N_PZ_113 AND NOT N_PZ_112 AND NOT RAND(1) AND 
	NOT RAND(4) AND NOT RAND(5));

FDCPE_MAX2: FDCPE port map (MAX(2),CNT_INT(2),CLK,'0','0',MAX_CE(2));
MAX_CE(2) <= (NOT N_PZ_111 AND N_PZ_113 AND NOT N_PZ_112 AND NOT RAND(1) AND 
	NOT RAND(4) AND NOT RAND(5));

FDCPE_MAX3: FDCPE port map (MAX(3),CNT_INT(3),CLK,'0','0',MAX_CE(3));
MAX_CE(3) <= (NOT N_PZ_111 AND N_PZ_113 AND NOT N_PZ_112 AND NOT RAND(1) AND 
	NOT RAND(4) AND NOT RAND(5));

FDCPE_MAX4: FDCPE port map (MAX(4),CNT_INT(4),CLK,'0','0',MAX_CE(4));
MAX_CE(4) <= (NOT N_PZ_111 AND N_PZ_113 AND NOT N_PZ_112 AND NOT RAND(1) AND 
	NOT RAND(4) AND NOT RAND(5));

FDCPE_MAX5: FDCPE port map (MAX(5),CNT_INT(5),CLK,'0','0',MAX_CE(5));
MAX_CE(5) <= (NOT N_PZ_111 AND N_PZ_113 AND NOT N_PZ_112 AND NOT RAND(1) AND 
	NOT RAND(4) AND NOT RAND(5));

FDCPE_MAX6: FDCPE port map (MAX(6),CNT_INT(6),CLK,'0','0',MAX_CE(6));
MAX_CE(6) <= (NOT N_PZ_111 AND N_PZ_113 AND NOT N_PZ_112 AND NOT RAND(1) AND 
	NOT RAND(4) AND NOT RAND(5));


N_PZ_111 <= ((INIT AND NOT RND0/Q(5))
	OR (NOT INIT AND RND0/Q(5)));


N_PZ_112 <= ((RND0/Q(5) AND NOT RND0/Q(1))
	OR (NOT RND0/Q(5) AND RND0/Q(1)));


N_PZ_113 <= ((RND0/Q(5) AND NOT RND0/Q(2))
	OR (NOT RND0/Q(5) AND RND0/Q(2)));


RAND(0) <= N_PZ_111;

FDCPE_RAND1: FDCPE port map (RAND(1),N_PZ_111,CLK,'0','0','1');


RAND(2) <= N_PZ_112;


RAND(3) <= N_PZ_113;

FDCPE_RAND4: FDCPE port map (RAND(4),N_PZ_113,CLK,'0','0','1');


RAND(5) <= ((RND0/Q(5) AND NOT RND0/Q(4))
	OR (NOT RND0/Q(5) AND RND0/Q(4)));

FDCPE_RND0/Q1: FDCPE port map (RND0/Q(1),RAND(1),CLK,'0','0','1');

FDCPE_RND0/Q2: FDCPE port map (RND0/Q(2),N_PZ_112,CLK,'0','0','1');

FDCPE_RND0/Q4: FDCPE port map (RND0/Q(4),RAND(4),CLK,'0','0','1');

FTCPE_RND0/Q5: FTCPE port map (RND0/Q(5),RND0/Q(4),CLK,'0','0','1');

FDCPE_RST_INT: FDCPE port map (RST_INT,RST_INT_D,CLK,'0','0','1');
RST_INT_D <= (NOT N_PZ_111 AND N_PZ_113 AND NOT N_PZ_112 AND NOT RAND(1) AND 
	NOT RAND(4) AND NOT RAND(5));


Register Legend:
 FDCPE (Q,D,C,CLR,PRE,CE); 
 FDDCPE (Q,D,C,CLR,PRE,CE); 
 FTCPE (Q,D,C,CLR,PRE,CE); 
 FTDCPE (Q,D,C,CLR,PRE,CE); 
 LDCP  (Q,D,G,CLR,PRE); 

******************************  Device Pin Out *****************************

Device : XC2C256-7-PQ208


Pin Signal                         Pin Signal                        
No. Name                           No. Name                          
  1 VCC                             105 VCCIO-3.3                     
  2 KPR                             106 KPR                           
  3 KPR                             107 KPR                           
  4 KPR                             108 KPR                           
  5 KPR                             109 KPR                           
  6 KPR                             110 KPR                           
  7 KPR                             111 KPR                           
  8 KPR                             112 KPR                           
  9 KPR                             113 KPR                           
 10 KPR                             114 KPR                           
 11 VCCAUX                          115 KPR                           
 12 KPR                             116 KPR                           
 13 GND                             117 KPR                           
 14 KPR                             118 KPR                           
 15 KPR                             119 KPR                           
 16 KPR                             120 KPR                           
 17 KPR                             121 KPR                           
 18 KPR                             122 KPR                           
 19 KPR                             123 KPR                           
 20 KPR                             124 VCC                           
 21 KPR                             125 KPR                           
 22 KPR                             126 KPR                           
 23 KPR                             127 RAND<0>                       
 24 GND                             128 RAND<1>                       
 25 KPR                             129 GND                           
 26 VCCIO-3.3                       130 GND                           
 27 KPR                             131 RAND<2>                       
 28 KPR                             132 VCCIO-3.3                     
 29 KPR                             133 VCCIO-3.3                     
 30 KPR                             134 RAND<3>                       
 31 KPR                             135 RAND<4>                       
 32 KPR                             136 RAND<5>                       
 33 VCCIO-3.3                       137 KPR                           
 34 KPR                             138 KPR                           
 35 KPR                             139 KPR                           
 36 KPR                             140 KPR                           
 37 KPR                             141 GND                           
 38 KPR                             142 KPR                           
 39 KPR                             143 KPR                           
 40 KPR                             144 KPR                           
 41 KPR                             145 KPR                           
 42 GND                             146 KPR                           
 43 KPR                             147 KPR                           
 44 KPR                             148 KPR                           
 45 KPR                             149 KPR                           
 46 KPR                             150 KPR                           
 47 KPR                             151 KPR                           
 48 KPR                             152 KPR                           
 49 KPR                             153 KPR                           
 50 KPR                             154 KPR                           
 51 KPR                             155 KPR                           
 52 GND                             156 GND                           
 53 VCC                             157 VCCIO-3.3                     
 54 KPR                             158 KPR                           
 55 KPR                             159 KPR                           
 56 KPR                             160 KPR                           
 57 KPR                             161 KPR                           
 58 KPR                             162 KPR                           
 59 VCCIO-3.3                       163 KPR                           
 60 KPR                             164 KPR                           
 61 KPR                             165 KPR                           
 62 KPR                             166 KPR                           
 63 KPR                             167 KPR                           
 64 KPR                             168 KPR                           
 65 INIT                            169 KPR                           
 66 CLK                             170 KPR                           
 67 KPR                             171 KPR                           
 68 GND                             172 VCCIO-3.3                     
 69 KPR                             173 KPR                           
 70 KPR                             174 KPR                           
 71 KPR                             175 KPR                           
 72 KPR                             176 TDO                           
 73 KPR                             177 GND                           
 74 KPR                             178 KPR                           
 75 KPR                             179 KPR                           
 76 KPR                             180 KPR                           
 77 KPR                             181 VCCIO-3.3                     
 78 KPR                             182 KPR                           
 79 VCCIO-3.3                       183 KPR                           
 80 MAX<0>                          184 KPR                           
 81 GND                             185 KPR                           
 82 MAX<1>                          186 KPR                           
 83 MAX<2>                          187 KPR                           
 84 MAX<3>                          188 KPR                           
 85 MAX<4>                          189 KPR                           
 86 MAX<5>                          190 GND                           
 87 MAX<6>                          191 KPR                           
 88 KPR                             192 KPR                           
 89 KPR                             193 KPR                           
 90 KPR                             194 KPR                           
 91 KPR                             195 KPR                           
 92 VCCIO-3.3                       196 KPR                           
 93 GND                             197 KPR                           
 94 TDI                             198 KPR                           
 95 KPR                             199 KPR                           
 96 TMS                             200 KPR                           
 97 KPR                             201 KPR                           
 98 TCK                             202 KPR                           
 99 KPR                             203 KPR                           
100 KPR                             204 VCCIO-3.3                     
101 KPR                             205 KPR                           
102 KPR                             206 KPR                           
103 KPR                             207 GND                           
104 GND                             208 KPR                           


Legend :  NC  = Not Connected, unbonded pin
        PGND  = Unused I/O configured as additional Ground pin
         KPR  = Unused I/O with weak keeper (leave unconnected)
         WPU  = Unused I/O with weak pull up (leave unconnected)
         TIE  = Unused I/O floating -- must tie to VCC, GND or other signal
         VCC  = Dedicated Power Pin
      VCCAUX  = Power supply for JTAG pins
   VCCIO-3.3  = I/O supply voltage for LVTTL, LVCMOS33, SSTL3_I
   VCCIO-2.5  = I/O supply voltage for LVCMOS25, SSTL2_I
   VCCIO-1.8  = I/O supply voltage for LVCMOS18
   VCCIO-1.5  = I/O supply voltage for LVCMOS15, HSTL_I
        VREF  = Reference voltage for indicated input standard
       *VREF  = Reference voltage pin selected by software
         GND  = Dedicated Ground Pin
         TDI  = Test Data In, JTAG pin
         TDO  = Test Data Out, JTAG pin
         TCK  = Test Clock, JTAG pin
         TMS  = Test Mode Select, JTAG pin
  PROHIBITED  = User reserved pin
****************************  Compiler Options  ****************************

Following is a list of all global compiler options used by the fitter run.

Device(s) Specified                         : xc2c256-7-PQ208
Optimization Method                         : DENSITY
Multi-Level Logic Optimization              : ON
Ignore Timing Specifications                : OFF
Default Register Power Up Value             : LOW
Keep User Location Constraints              : ON
What-You-See-Is-What-You-Get                : OFF
Exhaustive Fitting                          : OFF
Keep Unused Inputs                          : OFF
Slew Rate                                   : FAST
Set Unused I/O Pin Termination              : KEEPER
Global Clock Optimization                   : ON
Global Set/Reset Optimization               : ON
Global Ouput Enable Optimization            : ON
Enable Input Registers                      : ON
Function Block Fan-in Limit                 : 38
Use DATA_GATE Attribute                     : ON
Set Tristate Outputs to Termination Mode    : KEEPER
Default Voltage Standard for All Outputs    : LVCMOS18
Input Limit                                 : 32
Pterm Limit                                 : 28
